// Jest Snapshot v1, https://goo.gl/fbAQLP

exports[`scheduled jobs schedule jobs 1`] = `
{
  "attempts": 0,
  "id": "1",
  "key": null,
  "last_error": null,
  "locked_at": null,
  "locked_by": null,
  "max_attempts": 25,
  "payload": {
    "just": "run it",
  },
  "priority": 0,
  "task_identifier": "my_job",
}
`;
