// Jest Snapshot v1, https://goo.gl/fbAQLP

exports[`bitmask less 1`] = `"01"`;

exports[`bitmask more 1`] = `"00000000000000000101"`;

exports[`less 1`] = `"01"`;

exports[`more 1`] = `"00000000000000000101"`;
